00:06.172  render           | Saved: 'D:\Codebase\Projects\DRAGON BALL XENOVERSE 2\_HUF_REVAMP511_ReferenceBody_20260930\nude_base_audit_20261006\ean_renders\src_LOD00_HUF_BAS_STAND_f000_back.png'
00:06.235  render           | Saved: 'D:\Codebase\Projects\DRAGON BALL XENOVERSE 2\_HUF_REVAMP511_ReferenceBody_20260930\nude_base_audit_20261006\ean_renders\src_LOD00_HUF_BAS_STAND_f000_back34.png'
00:06.297  render           | Saved: 'D:\Codebase\Projects\DRAGON BALL XENOVERSE 2\_HUF_REVAMP511_ReferenceBody_20260930\nude_base_audit_20261006\ean_renders\src_LOD00_HUF_BAS_STAND_f000_right.png'
00:06.360  render           | Saved: 'D:\Codebase\Projects\DRAGON BALL XENOVERSE 2\_HUF_REVAMP511_ReferenceBody_20260930\nude_base_audit_20261006\ean_renders\src_LOD00_HUF_BAS_STAND_f000_front34.png'
00:06.532  render           | Saved: 'D:\Codebase\Projects\DRAGON BALL XENOVERSE 2\_HUF_REVAMP511_ReferenceBody_20260930\nude_base_audit_20261006\ean_renders\v8_LOD00_HUF_BAS_STAND_f000_back.png'
00:06.594  render           | Saved: 'D:\Codebase\Projects\DRAGON BALL XENOVERSE 2\_HUF_REVAMP511_ReferenceBody_20260930\nude_base_audit_20261006\ean_renders\v8_LOD00_HUF_BAS_STAND_f000_back34.png'
00:06.657  render           | Saved: 'D:\Codebase\Projects\DRAGON BALL XENOVERSE 2\_HUF_REVAMP511_ReferenceBody_20260930\nude_base_audit_20261006\ean_renders\v8_LOD00_HUF_BAS_STAND_f000_right.png'
00:06.735  render           | Saved: 'D:\Codebase\Projects\DRAGON BALL XENOVERSE 2\_HUF_REVAMP511_ReferenceBody_20260930\nude_base_audit_20261006\ean_renders\v8_LOD00_HUF_BAS_STAND_f000_front34.png'
RENDERED HUF_BAS_STAND 0
00:06.907  render           | Saved: 'D:\Codebase\Projects\DRAGON BALL XENOVERSE 2\_HUF_REVAMP511_ReferenceBody_20260930\nude_base_audit_20261006\ean_renders\src_LOD00_HUF_BAS_STAND_f052_back.png'
00:06.969  render           | Saved: 'D:\Codebase\Projects\DRAGON BALL XENOVERSE 2\_HUF_REVAMP511_ReferenceBody_20260930\nude_base_audit_20261006\ean_renders\src_LOD00_HUF_BAS_STAND_f052_back34.png'
00:07.032  render           | Saved: 'D:\Codebase\Projects\DRAGON BALL XENOVERSE 2\_HUF_REVAMP511_ReferenceBody_20260930\nude_base_audit_20261006\ean_renders\src_LOD00_HUF_BAS_STAND_f052_right.png'
00:07.094  render           | Saved: 'D:\Codebase\Projects\DRAGON BALL XENOVERSE 2\_HUF_REVAMP511_ReferenceBody_20260930\nude_base_audit_20261006\ean_renders\src_LOD00_HUF_BAS_STAND_f052_front34.png'
00:07.266  render           | Saved: 'D:\Codebase\Projects\DRAGON BALL XENOVERSE 2\_HUF_REVAMP511_ReferenceBody_20260930\nude_base_audit_20261006\ean_renders\v8_LOD00_HUF_BAS_STAND_f052_back.png'
00:07.328  render           | Saved: 'D:\Codebase\Projects\DRAGON BALL XENOVERSE 2\_HUF_REVAMP511_ReferenceBody_20260930\nude_base_audit_20261006\ean_renders\v8_LOD00_HUF_BAS_STAND_f052_back34.png'
00:07.391  render           | Saved: 'D:\Codebase\Projects\DRAGON BALL XENOVERSE 2\_HUF_REVAMP511_ReferenceBody_20260930\nude_base_audit_20261006\ean_renders\v8_LOD00_HUF_BAS_STAND_f052_right.png'
00:07.469  render           | Saved: 'D:\Codebase\Projects\DRAGON BALL XENOVERSE 2\_HUF_REVAMP511_ReferenceBody_20260930\nude_base_audit_20261006\ean_renders\v8_LOD00_HUF_BAS_STAND_f052_front34.png'
RENDERED HUF_BAS_STAND 52
EAN_RENDER_DONE
Blender 5.2.2 LTS (hash d13f752e3b9c built 2026-09-15 01:37:04)

Blender quit
