00:02.157  render           | Saved: 'D:\Codebase\Projects\DRAGON BALL XENOVERSE 2\_HUF_REVAMP511_ReferenceBody_20260930\nude_base_audit_20261006\pose_check\src_LOD00_DIAG-shoulder_forward_f000_front.png'
00:02.219  render           | Saved: 'D:\Codebase\Projects\DRAGON BALL XENOVERSE 2\_HUF_REVAMP511_ReferenceBody_20260930\nude_base_audit_20261006\pose_check\src_LOD00_DIAG-shoulder_forward_f000_right.png'
RENDERED DIAG:shoulder_forward 0
00:02.391  render           | Saved: 'D:\Codebase\Projects\DRAGON BALL XENOVERSE 2\_HUF_REVAMP511_ReferenceBody_20260930\nude_base_audit_20261006\pose_check\src_LOD00_DIAG-shoulder_rotation_f000_front.png'
00:02.454  render           | Saved: 'D:\Codebase\Projects\DRAGON BALL XENOVERSE 2\_HUF_REVAMP511_ReferenceBody_20260930\nude_base_audit_20261006\pose_check\src_LOD00_DIAG-shoulder_rotation_f000_right.png'
RENDERED DIAG:shoulder_rotation 0
00:02.625  render           | Saved: 'D:\Codebase\Projects\DRAGON BALL XENOVERSE 2\_HUF_REVAMP511_ReferenceBody_20260930\nude_base_audit_20261006\pose_check\src_LOD00_DIAG-torso_extension_f000_front.png'
00:02.704  render           | Saved: 'D:\Codebase\Projects\DRAGON BALL XENOVERSE 2\_HUF_REVAMP511_ReferenceBody_20260930\nude_base_audit_20261006\pose_check\src_LOD00_DIAG-torso_extension_f000_right.png'
RENDERED DIAG:torso_extension 0
00:02.875  render           | Saved: 'D:\Codebase\Projects\DRAGON BALL XENOVERSE 2\_HUF_REVAMP511_ReferenceBody_20260930\nude_base_audit_20261006\pose_check\src_LOD00_DIAG-lateral_bend_f000_front.png'
00:02.938  render           | Saved: 'D:\Codebase\Projects\DRAGON BALL XENOVERSE 2\_HUF_REVAMP511_ReferenceBody_20260930\nude_base_audit_20261006\pose_check\src_LOD00_DIAG-lateral_bend_f000_right.png'
RENDERED DIAG:lateral_bend 0
00:03.110  render           | Saved: 'D:\Codebase\Projects\DRAGON BALL XENOVERSE 2\_HUF_REVAMP511_ReferenceBody_20260930\nude_base_audit_20261006\pose_check\src_LOD00_DIAG-hip_extension_f000_front.png'
00:03.172  render           | Saved: 'D:\Codebase\Projects\DRAGON BALL XENOVERSE 2\_HUF_REVAMP511_ReferenceBody_20260930\nude_base_audit_20261006\pose_check\src_LOD00_DIAG-hip_extension_f000_right.png'
RENDERED DIAG:hip_extension 0
00:03.344  render           | Saved: 'D:\Codebase\Projects\DRAGON BALL XENOVERSE 2\_HUF_REVAMP511_ReferenceBody_20260930\nude_base_audit_20261006\pose_check\src_LOD00_DIAG-high_kick_f000_front.png'
00:03.407  render           | Saved: 'D:\Codebase\Projects\DRAGON BALL XENOVERSE 2\_HUF_REVAMP511_ReferenceBody_20260930\nude_base_audit_20261006\pose_check\src_LOD00_DIAG-high_kick_f000_right.png'
RENDERED DIAG:high_kick 0
00:03.579  render           | Saved: 'D:\Codebase\Projects\DRAGON BALL XENOVERSE 2\_HUF_REVAMP511_ReferenceBody_20260930\nude_base_audit_20261006\pose_check\src_LOD00_DIAG-deep_flexion_f000_front.png'
00:03.641  render           | Saved: 'D:\Codebase\Projects\DRAGON BALL XENOVERSE 2\_HUF_REVAMP511_ReferenceBody_20260930\nude_base_audit_20261006\pose_check\src_LOD00_DIAG-deep_flexion_f000_right.png'
RENDERED DIAG:deep_flexion 0
EAN_RENDER_DONE
Blender 5.2.2 LTS (hash d13f752e3b9c built 2026-09-15 01:37:04)

Blender quit
