00:02.171  render           | Saved: 'D:\Codebase\Projects\DRAGON BALL XENOVERSE 2\_HUF_REVAMP511_ReferenceBody_20260930\nude_base_audit_20261006\regions\src_groin_front.png'
00:02.203  render           | Saved: 'D:\Codebase\Projects\DRAGON BALL XENOVERSE 2\_HUF_REVAMP511_ReferenceBody_20260930\nude_base_audit_20261006\regions\src_groin_low.png'
00:02.234  render           | Saved: 'D:\Codebase\Projects\DRAGON BALL XENOVERSE 2\_HUF_REVAMP511_ReferenceBody_20260930\nude_base_audit_20261006\regions\src_groin_34.png'
00:02.265  render           | Saved: 'D:\Codebase\Projects\DRAGON BALL XENOVERSE 2\_HUF_REVAMP511_ReferenceBody_20260930\nude_base_audit_20261006\regions\src_groin_side.png'
00:02.296  render           | Saved: 'D:\Codebase\Projects\DRAGON BALL XENOVERSE 2\_HUF_REVAMP511_ReferenceBody_20260930\nude_base_audit_20261006\regions\src_areola_front.png'
00:02.328  render           | Saved: 'D:\Codebase\Projects\DRAGON BALL XENOVERSE 2\_HUF_REVAMP511_ReferenceBody_20260930\nude_base_audit_20261006\regions\src_areola_side.png'
00:02.359  render           | Saved: 'D:\Codebase\Projects\DRAGON BALL XENOVERSE 2\_HUF_REVAMP511_ReferenceBody_20260930\nude_base_audit_20261006\regions\src_areola_34.png'
00:02.390  render           | Saved: 'D:\Codebase\Projects\DRAGON BALL XENOVERSE 2\_HUF_REVAMP511_ReferenceBody_20260930\nude_base_audit_20261006\regions\src_breast_side.png'
00:02.421  render           | Saved: 'D:\Codebase\Projects\DRAGON BALL XENOVERSE 2\_HUF_REVAMP511_ReferenceBody_20260930\nude_base_audit_20261006\regions\src_hip_front.png'
00:02.468  render           | Saved: 'D:\Codebase\Projects\DRAGON BALL XENOVERSE 2\_HUF_REVAMP511_ReferenceBody_20260930\nude_base_audit_20261006\regions\src_hip_back.png'
00:02.500  render           | Saved: 'D:\Codebase\Projects\DRAGON BALL XENOVERSE 2\_HUF_REVAMP511_ReferenceBody_20260930\nude_base_audit_20261006\regions\src_hip_side.png'
00:02.531  render           | Saved: 'D:\Codebase\Projects\DRAGON BALL XENOVERSE 2\_HUF_REVAMP511_ReferenceBody_20260930\nude_base_audit_20261006\regions\src_hip_34back.png'
REGIONS_DONE src
00:02.671  render           | Saved: 'D:\Codebase\Projects\DRAGON BALL XENOVERSE 2\_HUF_REVAMP511_ReferenceBody_20260930\nude_base_audit_20261006\regions\v13_groin_front.png'
00:02.703  render           | Saved: 'D:\Codebase\Projects\DRAGON BALL XENOVERSE 2\_HUF_REVAMP511_ReferenceBody_20260930\nude_base_audit_20261006\regions\v13_groin_low.png'
00:02.734  render           | Saved: 'D:\Codebase\Projects\DRAGON BALL XENOVERSE 2\_HUF_REVAMP511_ReferenceBody_20260930\nude_base_audit_20261006\regions\v13_groin_34.png'
00:02.765  render           | Saved: 'D:\Codebase\Projects\DRAGON BALL XENOVERSE 2\_HUF_REVAMP511_ReferenceBody_20260930\nude_base_audit_20261006\regions\v13_groin_side.png'
00:02.796  render           | Saved: 'D:\Codebase\Projects\DRAGON BALL XENOVERSE 2\_HUF_REVAMP511_ReferenceBody_20260930\nude_base_audit_20261006\regions\v13_areola_front.png'
00:02.828  render           | Saved: 'D:\Codebase\Projects\DRAGON BALL XENOVERSE 2\_HUF_REVAMP511_ReferenceBody_20260930\nude_base_audit_20261006\regions\v13_areola_side.png'
00:02.859  render           | Saved: 'D:\Codebase\Projects\DRAGON BALL XENOVERSE 2\_HUF_REVAMP511_ReferenceBody_20260930\nude_base_audit_20261006\regions\v13_areola_34.png'
00:02.890  render           | Saved: 'D:\Codebase\Projects\DRAGON BALL XENOVERSE 2\_HUF_REVAMP511_ReferenceBody_20260930\nude_base_audit_20261006\regions\v13_breast_side.png'
00:02.921  render           | Saved: 'D:\Codebase\Projects\DRAGON BALL XENOVERSE 2\_HUF_REVAMP511_ReferenceBody_20260930\nude_base_audit_20261006\regions\v13_hip_front.png'
00:02.953  render           | Saved: 'D:\Codebase\Projects\DRAGON BALL XENOVERSE 2\_HUF_REVAMP511_ReferenceBody_20260930\nude_base_audit_20261006\regions\v13_hip_back.png'
00:02.984  render           | Saved: 'D:\Codebase\Projects\DRAGON BALL XENOVERSE 2\_HUF_REVAMP511_ReferenceBody_20260930\nude_base_audit_20261006\regions\v13_hip_side.png'
00:03.015  render           | Saved: 'D:\Codebase\Projects\DRAGON BALL XENOVERSE 2\_HUF_REVAMP511_ReferenceBody_20260930\nude_base_audit_20261006\regions\v13_hip_34back.png'
REGIONS_DONE v13
00:03.078  render           | Saved: 'D:\Codebase\Projects\DRAGON BALL XENOVERSE 2\_HUF_REVAMP511_ReferenceBody_20260930\nude_base_audit_20261006\regions\x2m_groin_front.png'
00:03.109  render           | Saved: 'D:\Codebase\Projects\DRAGON BALL XENOVERSE 2\_HUF_REVAMP511_ReferenceBody_20260930\nude_base_audit_20261006\regions\x2m_groin_low.png'
00:03.140  render           | Saved: 'D:\Codebase\Projects\DRAGON BALL XENOVERSE 2\_HUF_REVAMP511_ReferenceBody_20260930\nude_base_audit_20261006\regions\x2m_groin_34.png'
00:03.171  render           | Saved: 'D:\Codebase\Projects\DRAGON BALL XENOVERSE 2\_HUF_REVAMP511_ReferenceBody_20260930\nude_base_audit_20261006\regions\x2m_groin_side.png'
00:03.203  render           | Saved: 'D:\Codebase\Projects\DRAGON BALL XENOVERSE 2\_HUF_REVAMP511_ReferenceBody_20260930\nude_base_audit_20261006\regions\x2m_areola_front.png'
00:03.234  render           | Saved: 'D:\Codebase\Projects\DRAGON BALL XENOVERSE 2\_HUF_REVAMP511_ReferenceBody_20260930\nude_base_audit_20261006\regions\x2m_areola_side.png'
00:03.265  render           | Saved: 'D:\Codebase\Projects\DRAGON BALL XENOVERSE 2\_HUF_REVAMP511_ReferenceBody_20260930\nude_base_audit_20261006\regions\x2m_areola_34.png'
00:03.296  render           | Saved: 'D:\Codebase\Projects\DRAGON BALL XENOVERSE 2\_HUF_REVAMP511_ReferenceBody_20260930\nude_base_audit_20261006\regions\x2m_breast_side.png'
00:03.312  render           | Saved: 'D:\Codebase\Projects\DRAGON BALL XENOVERSE 2\_HUF_REVAMP511_ReferenceBody_20260930\nude_base_audit_20261006\regions\x2m_hip_front.png'
00:03.343  render           | Saved: 'D:\Codebase\Projects\DRAGON BALL XENOVERSE 2\_HUF_REVAMP511_ReferenceBody_20260930\nude_base_audit_20261006\regions\x2m_hip_back.png'
00:03.375  render           | Saved: 'D:\Codebase\Projects\DRAGON BALL XENOVERSE 2\_HUF_REVAMP511_ReferenceBody_20260930\nude_base_audit_20261006\regions\x2m_hip_side.png'
00:03.406  render           | Saved: 'D:\Codebase\Projects\DRAGON BALL XENOVERSE 2\_HUF_REVAMP511_ReferenceBody_20260930\nude_base_audit_20261006\regions\x2m_hip_34back.png'
REGIONS_DONE x2m
Blender 5.2.2 LTS (hash d13f752e3b9c built 2026-09-15 01:37:04)

Blender quit
